../Core/Src/AES.cpp:113:13:byte s_box(byte)	16	static
../Core/Src/AES.cpp:120:13:byte is_box(byte)	16	static
../Core/Src/AES.cpp:127:13:void xor_block(byte*, byte*)	24	static
../Core/Src/AES.cpp:138:13:void copy_and_key(byte*, byte*, byte*)	32	static
../Core/Src/AES.cpp:153:13:void shift_sub_rows(byte*)	32	static
../Core/Src/AES.cpp:170:13:void inv_shift_sub_rows(byte*)	32	static
../Core/Src/AES.cpp:189:13:void mix_sub_columns(byte*, byte*)	32	static
../Core/Src/AES.cpp:209:13:void inv_mix_sub_columns(byte*, byte*)	56	static
../Core/Src/AES.cpp:232:1:AES::AES()	40	static
../Core/Src/AES.cpp:261:6:byte AES::set_key(byte*, int)	48	static
../Core/Src/AES.cpp:317:6:void AES::clean()	24	static
../Core/Src/AES.cpp:326:6:void AES::copy_n_bytes(byte*, byte*, byte)	24	static
../Core/Src/AES.cpp:342:6:byte AES::encrypt(byte*, byte*)	64	static
../Core/Src/AES.cpp:381:6:byte AES::cbc_encrypt(byte*, byte*, int)	24	static
../Core/Src/AES.cpp:397:6:byte AES::decrypt(byte*, byte*)	64	static
../Core/Src/AES.cpp:438:6:byte AES::cbc_decrypt(byte*, byte*, int)	40	static
../Core/Src/AES.cpp:472:5:int AES::get_size()	16	static
../Core/Src/AES.cpp:478:5:int AES::get_pad()	16	static
../Core/Src/AES.cpp:484:6:void AES::set_size(int)	16	static
../Core/Src/AES.cpp:491:6:void AES::get_IV(byte*)	16	static
../Core/Src/AES.cpp:498:6:void AES::calc_size_n_pad(int)	16	static
../Core/Src/AES.cpp:505:6:void AES::padPlaintext(void*, byte*)	32	static
../Core/Src/AES.cpp:515:6:bool AES::CheckPad(byte*, int)	32	static
../Core/Src/AES.cpp:531:6:void AES::printArray(byte*, bool)	32	static
../Core/Src/AES.cpp:548:6:void AES::printArray(byte*, int)	32	static
../Core/Src/AES.cpp:574:6:void AES::do_aes_encrypt(byte*, int, byte*, byte*, int)	40	static
../Core/Src/AES.cpp:596:6:void AES::do_aes_decrypt(byte*, int, byte*, byte*, int)	32	static
