../Core/Src/RSA.cpp:5:1:RSA::RSA()	16	static
../Core/Src/RSA.cpp:10:1:RSA::~RSA()	16	static
../Core/Src/RSA.cpp:15:6:void RSA::encrypt(uint8_t*, int, uint8_t*, int*, int*)	48	static
../Core/Src/RSA.cpp:46:6:void RSA::decrypt(uint8_t*, int*, uint8_t*, int, int*)	56	static
../Core/Src/RSA.cpp:77:6:bool RSA::compare(uint8_t*, uint8_t*, int)	24	static
../Core/Src/RSA.cpp:80:1:void __static_initialization_and_destruction_0(int, int)	16	static
../Core/Src/RSA.cpp:80:1:cpp)	8	static
../Core/Src/RSA.cpp:80:1:cpp)	8	static
